Starting performance analysis...
Memory usage:
Mem:           7.7Gi       639Mi       7.1Gi       3.1Mi       257Mi       7.1Gi
Swap usage:
Swap:          2.0Gi          0B       2.0Gi
Disk usage:
Filesystem      Size  Used Avail Use% Mounted on
none            3.9G     0  3.9G   0% /usr/lib/modules/5.15.167.4-microsoft-standard-WSL2
none            3.9G  4.0K  3.9G   1% /mnt/wsl
drivers         390G  272G  119G  70% /usr/lib/wsl/drivers
/dev/sdc       1007G  8.6G  948G   1% /
none            3.9G  128K  3.9G   1% /mnt/wslg
none            3.9G     0  3.9G   0% /usr/lib/wsl/lib
rootfs          3.9G  2.2M  3.9G   1% /init
none            3.9G  500K  3.9G   1% /run
none            3.9G     0  3.9G   0% /run/lock
none            3.9G     0  3.9G   0% /run/shm
tmpfs           4.0M     0  4.0M   0% /sys/fs/cgroup
none            3.9G   76K  3.9G   1% /mnt/wslg/versions.txt
none            3.9G   76K  3.9G   1% /mnt/wslg/doc
C:\             390G  272G  119G  70% /mnt/c
D:\             564G  375G  189G  67% /mnt/d
tmpfs           788M   16K  788M   1% /run/user/1000
CPU usage:
%Cpu(s):  0.0 us,  0.0 sy,  0.0 ni,100.0 id,  0.0 wa,  0.0 hi,  0.0 si,  0.0 st 
